['<', 'E>', 'T', 'h', 'e ', 'f', 'o', 'l', 'l', 'o', 'w', 'i', 'n', 'g ', 'a', 'r', 't', 'i', 'c', 'l', 'e, ', 'w', 'h', 'i', 'c', 'h ', 'i', 's ', 'p', 'a', 'r', 't ', 'o', 'f ', 'a ', 'r', 'e', 'p', 'o', 'r', 't ', 'o', 'n ', 'a', 'l', 'l ', 't', 'h', 'e ', 'A', 'u', 't', 'o', 'c', 'e', 'p', 'h', 'a', 'l', 'o', 'u', 's ', 'C', 'h', 'u', 'r', 'c', 'h', 'e', 's ', 'm', 'a', 'd', 'e ', 'b', 'y ', 'A', 'r', 'c', 'h', 'b', 'i', 's', 'h', 'o', 'p ', 'J', 'o', 'h', 'n ', 't', 'o ', 't', 'h', 'e ', 'S', 'e', 'c', 'o', 'n', 'd ', 'A', 'l', 'l-', 'D', 'i', 'a', 's', 'p', 'o', 'r', 'a ', 'S', 'o', 'b', 'o', 'r ', 'o', 'f ', 't', 'h', 'e ', 'R', 'u', 's', 's', 'i', 'a', 'n ', 'C', 'h', 'u', 'r', 'c', 'h ', 'A', 'b', 'r', 'o', 'a', 'd ', 'h', 'e', 'l', 'd ', 'i', 'n ', 'Y', 'u', 'g', 'o', 's', 'l', 'a', 'v', 'i', 'a ', 'i', 'n 1938, \n<', 'C>下文出自伊望大主教所作「一切自主教會報告書」。發表於一九三八年、於南斯拉夫舉行、俄羅斯域外教會第二次全體海外流散主教公會議。\n<', 'E>', 'g', 'i', 'v', 'e', 's ', 't', 'h', 'e ', 'h', 'i', 's', 't', 'o', 'r', 'i', 'c', 'a', 'l ', 'b', 'a', 'c', 'k', 'g', 'r', 'o', 'u', 'n', 'd ', 'o', 'f ', 't', 'h', 'e ', 'p', 'r', 'e', 's', 'e', 'n', 't ', 's', 't', 'a', 't', 'e ', 'o', 'f ', 't', 'h', 'e ', 'P', 'a', 't', 'r', 'i', 'a', 'r', 'c', 'h', 'a', 't', 'e ', 'o', 'f ', 'C', 'o', 'n', 's', 't', 'a', 'n', 't', 'i', 'n', 'o', 'p', 'l', 'e. \n<', 'C>此文表達君士坦丁堡牧區、近況之歴史背景。\n<', 'E>', 'I', 't ', 'c', 'o', 'u', 'l', 'd ', 'w', 'e', 'l', 'l ', 'h', 'a', 'v', 'e ', 'b', 'e', 'e', 'n ', 'w', 'r', 'i', 't', 't', 'e', 'n ', 't', 'o', 'd', 'a', 'y, ', 'a', 'p', 'a', 'r', 't ', 'f', 'r', 'o', 'm ', 'a ', 'f', 'e', 'w ', 's', 'm', 'a', 'l', 'l ', 'p', 'o', 'i', 'n', 't', 's ', 'w', 'h', 'i', 'c', 'h ', 'h', 'a', 'v', 'e ', 'c', 'h', 'a', 'n', 'g', 'e', 'd ', 's', 'i', 'n', 'c', 'e ', 't', 'h', 'e', 'n. ', 'W', 'e ', 'r', 'e', 'p', 'r', 'o', 'd', 'u', 'c', 'e ', 'i', 't ', 'h', 'e', 'r', 'e ', 't', 'o ', 'b', 'r', 'i', 'n', 'g ', 'm', 'o', 'r', 'e ', 'c', 'l', 'a', 'r', 'i', 't', 'y ', 'i', 'n', 't', 'o ', 't', 'h', 'e ', 'c', 'u', 'r', 'r', 'e', 'n', 't ', 'e', 'c', 'c', 'l', 'e', 's', 'i', 'a', 's', 't', 'i', 'c', 'a', 'l ', 'c', 'r', 'i', 's', 'i', 's ', 's', 'u', 'r', 'r', 'o', 'u', 'n', 'd', 'i', 'n', 'g ', 't', 'h', 'e ', 'E', 'c', 'u', 'm', 'e', 'n', 'i', 'c', 'a', 'l ', 'P', 'a', 't', 'r', 'i', 'a', 'r', 'c', 'h', 'a', 't', 'e ', 'a', 'n', 'd ', 't', 'h', 'e ', 'U', 'k', 'r', 'a', 'i', 'n', 'e.\n<', 'C>此文看起來、幾乎是今日寫成。事關牧區當年情況與今日分別不大、獨有幾處相異。而在此重刊、是為叫人認清、今日普世牧區與烏克蘭、所生教會危機。<', 'p>\n<', 'E>', 'T', 'h', 'e ', 'p', 'r', 'i', 'm', 'a', 'c', 'y ', 'a', 'm', 'o', 'n', 'g ', 'O', 'r', 't', 'h', 'o', 'd', 'o', 'x ', 'C', 'h', 'u', 'r', 'c', 'h', 'e', 's ', 'i', 's ', 'p', 'o', 's', 's', 'e', 's', 's', 'e', 'd ', 'b', 'y ', 't', 'h', 'e ', 'C', 'h', 'u', 'r', 'c', 'h ', 'o', 'f ', 't', 'h', 'e ', 'N', 'e', 'w ', 'R', 'o', 'm', 'e, ', 'C', 'o', 'n', 's', 't', 'a', 'n', 't', 'i', 'n', 'o', 'p', 'l', 'e, \n<', 'C>新羅馬教會（新羅馬即君士坦丁堡）、擁有正教會首席地位。\n<', 'E>', 'w', 'h', 'i', 'c', 'h ', 'i', 's ', 'h', 'e', 'a', 'd', 'e', 'd ', 'b', 'y ', 'a ', 'P', 'a', 't', 'r', 'i', 'a', 'r', 'c', 'h ', 'w', 'h', 'o ', 'h', 'a', 's ', 't', 'h', 'e ', 't', 'i', 't', 'l', 'e ', 'o', 'f ', 'E', 'c', 'u', 'm', 'e', 'n', 'i', 'c', 'a', 'l, ', 'a', 'n', 'd ', 't', 'h', 'e', 'r', 'e', 'f', 'o', 'r', 'e ', 'i', 's ', 'i', 't', 's', 'e', 'l', 'f ', 'c', 'a', 'l', 'l', 'e', 'd ', 't', 'h', 'e ', 'E', 'c', 'u', 'm', 'e', 'n', 'i', 'c', 'a', 'l ', 'P', 'a', 't', 'r', 'i', 'a', 'r', 'c', 'h', 'a', 't', 'e, \n<', 'C>其牧首以「普世」二字為頭銜、故稱普世牧首。\n<', 'E>', 'w', 'h', 'i', 'c', 'h ', 't', 'e', 'r', 'r', 'i', 't', 'o', 'r', 'i', 'a', 'l', 'l', 'y ', 'r', 'e', 'a', 'c', 'h', 'e', 'd ', 't', 'h', 'e ', 'c', 'u', 'l', 'm', 'i', 'n', 'a', 't', 'i', 'o', 'n ', 'o', 'f ', 'i', 't', 's ', 'd', 'e', 'v', 'e', 'l', 'o', 'p', 'm', 'e', 'n', 't ', 'a', 't ', 't', 'h', 'e ', 'e', 'n', 'd ', 'o', 'f ', 't', 'h', 'e 18', 't', 'h ', 'c', 'e', 'n', 't', 'u', 'r', 'y. \n<', 'C>此牧區於十八世紀末、屬地増廣盛極。\n<', 'E>', 'A', 't ', 't', 'h', 'a', 't ', 't', 'i', 'm', 'e ', 't', 'h', 'e', 'r', 'e ', 'w', 'a', 's ', 'i', 'n', 'c', 'l', 'u', 'd', 'e', 'd ', 'i', 'n ', 'i', 't ', 't', 'h', 'e ', 'w', 'h', 'o', 'l', 'e ', 'o', 'f ', 'A', 's', 'i', 'a ', 'M', 'i', 'n', 'o', 'r, ', 't', 'h', 'e ', 'w', 'h', 'o', 'l', 'e ', 'B', 'a', 'l', 'k', 'a', 'n ', 'P', 'e', 'n', 'i', 'n', 's', 'u', 'l', 'a (', 'e', 'x', 'c', 'e', 'p', 't ', 'f', 'o', 'r ', 'M', 'o', 'n', 't', 'e', 'n', 'e', 'g', 'r', 'o), ', 't', 'o', 'g', 'e', 't', 'h', 'e', 'r ', 'w', 'i', 't', 'h ', 't', 'h', 'e ', 'a', 'd', 'j', 'o', 'i', 'n', 'i', 'n', 'g ', 'i', 's', 'l', 'a', 'n', 'd', 's, \n<', 'C>全盛時期、曽統領小亞西亞全地、巴爾幹半島全地（蒙特內哥羅除外）、以及其他相連島嶼。\n<', 'E>', 's', 'i', 'n', 'c', 'e ', 't', 'h', 'e ', 'o', 't', 'h', 'e', 'r ', 'i', 'n', 'd', 'e', 'p', 'e', 'n', 'd', 'e', 'n', 't ', 'C', 'h', 'u', 'r', 'c', 'h', 'e', 's ', 'i', 'n ', 't', 'h', 'e ', 'B', 'a', 'l', 'k', 'a', 'n ', 'P', 'e', 'n', 'i', 'n', 's', 'u', 'l', 'a ', 'h', 'a', 'd ', 'b', 'e', 'e', 'n ', 'a', 'b', 'o', 'l', 'i', 's', 'h', 'e', 'd ', 'a', 'n', 'd ', 'h', 'a', 'd ', 'b', 'e', 'c', 'o', 'm', 'e ', 'p', 'a', 'r', 't ', 'o', 'f ', 't', 'h', 'e ', 'E', 'c', 'u', 'm', 'e', 'n', 'i', 'c', 'a', 'l ', 'P', 'a', 't', 'r', 'i', 'a', 'r', 'c', 'h', 'a', 't', 'e.\n<', 'C>事關巴爾幹半島、其他獨立教會、已被廢除、而加入此普世牧區。\n<', 'E>', 'T', 'h', 'e ', 'E', 'c', 'u', 'm', 'e', 'n', 'i', 'c', 'a', 'l ', 'P', 'a', 't', 'r', 'i', 'a', 'r', 'c', 'h ', 'h', 'a', 'd ', 'r', 'e', 'c', 'e', 'i', 'v', 'e', 'd ', 'f', 'r', 'o', 'm ', 't', 'h', 'e ', 'T', 'u', 'r', 'k', 'i', 's', 'h ', 'S', 'u', 'l', 't', 'a', 'n, ', 'e', 'v', 'e', 'n ', 'b', 'e', 'f', 'o', 'r', 'e ', 't', 'h', 'e ', 't', 'a', 'k', 'i', 'n', 'g ', 'o', 'f ', 'C', 'o', 'n', 's', 't', 'a', 'n', 't', 'i', 'n', 'o', 'p', 'l', 'e ', 'b', 'y ', 't', 'h', 'e ', 'T', 'u', 'r', 'k', 's, ', 't', 'h', 'e ', 't', 'i', 't', 'l', 'e ', 'o', 'f ', 'M', 'i', 'l', 'l', 'e', 't ', 'B', 'a', 's', 'h, ', 't', 'h', 'a', 't ', 'i', 's, ', 't', 'h', 'e ', 'h', 'e', 'a', 'd ', 'o', 'f ', 't', 'h', 'e ', 'p', 'e', 'o', 'p', 'l', 'e,\n<', 'C>其實、在土耳其奪取君士坦丁堡之前、普世牧首已受土耳其蘇丹、賜封為「彌烈波娑」、則人民公首之意。\n<', 'E>', 'a', 'n', 'd ', 'h', 'e ', 'w', 'a', 's ', 'c', 'o', 'n', 's', 'i', 'd', 'e', 'r', 'e', 'd ', 't', 'h', 'e ', 'h', 'e', 'a', 'd ', 'o', 'f ', 't', 'h', 'e ', 'w', 'h', 'o', 'l', 'e ', 'O', 'r', 't', 'h', 'o', 'd', 'o', 'x ', 'p', 'o', 'p', 'u', 'l', 'a', 't', 'i', 'o', 'n ', 'o', 'f ', 't', 'h', 'e ', 'T', 'u', 'r', 'k', 'i', 's', 'h ', 'E', 'm', 'p', 'i', 'r', 'e.\n<', 'C>同時亦被視為、土耳其帝國境内、一切正教徒之首。\n<', 'E>', 'T', 'h', 'i', 's, ', 'h', 'o', 'w', 'e', 'v', 'e', 'r, ', 'd', 'i', 'd ', 'n', 'o', 't ', 'p', 'r', 'e', 'v', 'e', 'n', 't ', 't', 'h', 'e ', 'T', 'u', 'r', 'k', 'i', 's', 'h ', 'g', 'o', 'v', 'e', 'r', 'n', 'm', 'e', 'n', 't ', 'f', 'r', 'o', 'm ', 'r', 'e', 'm', 'o', 'v', 'i', 'n', 'g ', 'p', 'a', 't', 'r', 'i', 'a', 'r', 'c', 'h', 's ', 'f', 'o', 'r ', 'a', 'n', 'y ', 'r', 'e', 'a', 's', 'o', 'n ', 'w', 'h', 'a', 't', 'e', 'v', 'e', 'r ', 'a', 'n', 'd ', 'c', 'a', 'l', 'l', 'i', 'n', 'g ', 'f', 'o', 'r ', 'n', 'e', 'w ', 'e', 'l', 'e', 'c', 't', 'i', 'o', 'n', 's,\n<', 'C>此頭銜卻未有使土耳其政府卻歩、反而常常因為各種小事、罷免牧首、而發動選舉。\n<', 'E>', 'a', 't ', 't', 'h', 'e ', 's', 'a', 'm', 'e ', 't', 'i', 'm', 'e ', 'c', 'o', 'l', 'l', 'e', 'c', 't', 'i', 'n', 'g ', 'a ', 'l', 'a', 'r', 'g', 'e ', 't', 'a', 'x ', 'f', 'r', 'o', 'm ', 't', 'h', 'e ', 'n', 'e', 'w', 'l', 'y ', 'e', 'l', 'e', 'c', 't', 'e', 'd ', 'p', 'a', 't', 'r', 'i', 'a', 'r', 'c', 'h. \n<', 'C>又於每界新任牧首即位時、徵收大量税金。\n<', 'E>', 'A', 'p', 'p', 'a', 'r', 'e', 'n', 't', 'l', 'y ', 't', 'h', 'e ', 'l', 'a', 't', 't', 'e', 'r ', 'c', 'i', 'r', 'c', 'u', 'm', 's', 't', 'a', 'n', 'c', 'e ', 'h', 'a', 'd ', 'a ', 'g', 'r', 'e', 'a', 't ', 's', 'i', 'g', 'n', 'i', 'f', 'i', 'c', 'a', 'n', 'c', 'e ', 'i', 'n ', 't', 'h', 'e ', 'c', 'h', 'a', 'n', 'g', 'i', 'n', 'g ', 'o', 'f ', 'p', 'a', 't', 'r', 'i', 'a', 'r', 'c', 'h', 's ', 'b', 'y ', 't', 'h', 'e ', 'T', 'u', 'r', 'k', 's, \n<', 'C>後者明顯影響着土耳其政府、會否更替牧首。此影響甚大。\n<', 'E>', 'a', 'n', 'd ', 't', 'h', 'e', 'r', 'e', 'f', 'o', 'r', 'e ', 'i', 't ', 'o', 'f', 't', 'e', 'n ', 'h', 'a', 'p', 'p', 'e', 'n', 'e', 'd ', 't', 'h', 'a', 't ', 't', 'h', 'e', 'y ', 'a', 'g', 'a', 'i', 'n ', 'a', 'l', 'l', 'o', 'w', 'e', 'd ', 'o', 'n ', 't', 'h', 'e ', 'P', 'a', 't', 'r', 'i', 'a', 'r', 'c', 'h', 'a', 'l ', 'T', 'h', 'r', 'o', 'n', 'e ', 'a ', 'p', 'a', 't', 'r', 'i', 'a', 'r', 'c', 'h ', 'w', 'h', 'o', 'm ', 't', 'h', 'e', 'y ', 'h', 'a', 'd ', 'r', 'e', 'm', 'o', 'v', 'e', 'd, ', 'a', 'f', 't', 'e', 'r ', 't', 'h', 'e ', 'd', 'e', 'a', 't', 'h ', 'o', 'f ', 'o', 'n', 'e ', 'o', 'r ', 's', 'e', 'v', 'e', 'r', 'a', 'l ', 'o', 'f ', 'h', 'i', 's ', 's', 'u', 'c', 'c', 'e', 's', 's', 'o', 'r', 's. \n<', 'C>以至常有牧首、受到罷免、而之後一代以至幾代接任人、盡皆捨壽、他亦能受許、復登牧首寶座。\n<', 'E>', 'T', 'h', 'u', 's, ', 'm', 'a', 'n', 'y ', 'p', 'a', 't', 'r', 'i', 'a', 'r', 'c', 'h', 's ', 'o', 'c', 'c', 'u', 'p', 'i', 'e', 'd ', 't', 'h', 'e', 'i', 'r ', 's', 'e', 'e ', 's', 'e', 'v', 'e', 'r', 'a', 'l ', 't', 'i', 'm', 'e', 's, ', 'a', 'n', 'd ', 'e', 'a', 'c', 'h ', 'a', 'c', 'c', 'e', 's', 's', 'i', 'o', 'n ', 'w', 'a', 's ', 'a', 'c', 'c', 'o', 'm', 'p', 'a', 'n', 'i', 'e', 'd ', 'b', 'y ', 't', 'h', 'e ', 'c', 'o', 'l', 'l', 'e', 'c', 't', 'i', 'o', 'n ', 'o', 'f ', 'a ', 's', 'p', 'e', 'c', 'i', 'a', 'l ', 't', 'a', 'x ', 'f', 'r', 'o', 'm ', 't', 'h', 'e', 'm ', 'b', 'y ', 't', 'h', 'e ', 'T', 'u', 'r', 'k', 's.\n<', 'C>故此、有許多牧首、都會重複即位幾次。而每次即位時、土耳其政府都會向牧首收取特別税金。<', 'p>\n<', 'E>', 'I', 'n ', 'o', 'r', 'd', 'e', 'r ', 't', 'o ', 'm', 'a', 'k', 'e ', 'u', 'p ', 't', 'h', 'e ', 's', 'u', 'm ', 'w', 'h', 'i', 'c', 'h ', 'h', 'e ', 'p', 'a', 'i', 'd ', 'o', 'n ', 'h', 'i', 's ', 'a', 'c', 'c', 'e', 's', 's', 'i', 'o', 'n ', 't', 'o ', 't', 'h', 'e ', 'P', 'a', 't', 'r', 'i', 'a', 'r', 'c', 'h', 'a', 'l ', 'T', 'h', 'r', 'o', 'n', 'e, ', 'a ', 'p', 'a', 't', 'r', 'i', 'a', 'r', 'c', 'h ', 'm', 'a', 'd', 'e ', 'a ', 'c', 'o', 'l', 'l', 'e', 'c', 't', 'i', 'o', 'n ', 'f', 'r', 'o', 'm ', 't', 'h', 'e ', 'm', 'e', 't', 'r', 'o', 'p', 'o', 'l', 'i', 't', 'a', 'n', 's ', 's', 'u', 'b', 'o', 'r', 'd', 'i', 'n', 'a', 't', 'e ', 't', 'o ', 'h', 'i', 'm, \n<', 'C>牧首即位、需籌集經費交税、於是就向屬下府主教收錢。\n<', 'E>', 'a', 'n', 'd ', 't', 'h', 'e', 'y, ', 'i', 'n ', 't', 'h', 'e', 'i', 'r ', 't', 'u', 'r', 'n, ', 'c', 'o', 'l', 'l', 'e', 'c', 't', 'e', 'd ', 'f', 'r', 'o', 'm ', 't', 'h', 'e ', 'c', 'l', 'e', 'r', 'g', 'y ', 's', 'u', 'b', 'o', 'r', 'd', 'i', 'n', 'a', 't', 'e ', 't', 'o ', 't', 'h', 'e', 'm. \n<', 'C>府主教轉過頭來、就向屬下神父收錢。\n<', 'E>', 'T', 'h', 'i', 's ', 'm', 'a', 'n', 'n', 'e', 'r ', 'o', 'f ', 'm', 'a', 'k', 'i', 'n', 'g ', 'u', 'p ', 'i', 't', 's ', 'f', 'i', 'n', 'a', 'n', 'c', 'e', 's ', 'l', 'e', 'f', 't ', 'a', 'n ', 'i', 'm', 'p', 'r', 'i', 'n', 't ', 'o', 'n ', 't', 'h', 'e ', 'w', 'h', 'o', 'l', 'e ', 'o', 'r', 'd', 'e', 'r ', 'o', 'f ', 't', 'h', 'e ', 'P', 'a', 't', 'r', 'i', 'a', 'r', 'c', 'h', 'a', 't', "e'", 's ', 'l', 'i', 'f', 'e. \n<', 'C>如此籌集經費、深深影響、牧區生活規律。\n<', 'E>', 'I', 'n ', 't', 'h', 'e ', 'P', 'a', 't', 'r', 'i', 'a', 'r', 'c', 'h', 'a', 't', 'e ', 't', 'h', 'e', 'r', 'e ', 'w', 'a', 's ', 'l', 'i', 'k', 'e', 'w', 'i', 's', 'e ', 'e', 'v', 'i', 'd', 'e', 'n', 't ', 't', 'h', 'e ', 'G', 'r', 'e', 'e', 'k "', 'G', 'r', 'e', 'a', 't ', 'I', 'd', 'e', 'a," ', 't', 'h', 'a', 't ', 'i', 's, ', 't', 'h', 'e ', 'a', 't', 't', 'e', 'm', 'p', 't ', 't', 'o ', 'r', 'e', 's', 't', 'o', 'r', 'e ', 'B', 'y', 'z', 'a', 'n', 't', 'i', 'u', 'm, \n<', 'C>牧區内、亦同様出現一個希臘「好主意」、就是要嘗試復興拜占庭帝國。\n<', 'E>', 'a', 't ', 'f', 'i', 'r', 's', 't ', 'i', 'n ', 'a ', 'c', 'u', 'l', 't', 'u', 'r', 'a', 'l, ', 'b', 'u', 't ', 'l', 'a', 't', 'e', 'r ', 'a', 'l', 's', 'o ', 'i', 'n ', 'a ', 'p', 'o', 'l', 'i', 't', 'i', 'c', 'a', 'l ', 's', 'e', 'n', 's', 'e. \n<', 'C>最初祇是要復興其文化、後來亦想復興其政權。\n<', 'E>', 'F', 'o', 'r ', 't', 'h', 'i', 's ', 'r', 'e', 'a', 's', 'o', 'n ', 'i', 'n ', 'a', 'l', 'l ', 'i', 'm', 'p', 'o', 'r', 't', 'a', 'n', 't ', 'p', 'o', 's', 't', 's ', 't', 'h', 'e', 'r', 'e ', 'w', 'e', 'r', 'e ', 'a', 's', 's', 'i', 'g', 'n', 'e', 'd ', 'p', 'e', 'o', 'p', 'l', 'e ', 'l', 'o', 'y', 'a', 'l ', 't', 'o ', 't', 'h', 'i', 's ', 'i', 'd', 'e', 'a, \n<', 'C>故而、各個重要區域、都有人受派駐守、以忠於此計。\n<', 'E>', 'a', 'n', 'd ', 'f', 'o', 'r ', 't', 'h', 'e ', 'm', 'o', 's', 't ', 'p', 'a', 'r', 't ', 'G', 'r', 'e', 'e', 'k', 's ', 'f', 'r', 'o', 'm ', 't', 'h', 'e ', 'p', 'a', 'r', 't ', 'o', 'f ', 'C', 'o', 'n', 's', 't', 'a', 'n', 't', 'i', 'n', 'o', 'p', 'l', 'e ', 'c', 'a', 'l', 'l', 'e', 'd ', 't', 'h', 'e ', 'P', 'h', 'a', 'n', 'a', 'r, ', 'w', 'h', 'e', 'r', 'e ', 'a', 'l', 's', 'o ', 't', 'h', 'e ', 'P', 'a', 't', 'r', 'i', 'a', 'r', 'c', 'h', 'a', 't', 'e ', 'w', 'a', 's ', 'l', 'o', 'c', 'a', 't', 'e', 'd. \n<', 'C>其中大多都是希臘人、來自君士坦丁堡芬內爾區、即牧首所居之處。\n<', 'E>', 'A', 'l', 'm', 'o', 's', 't ', 'a', 'l', 'w', 'a', 'y', 's ', 't', 'h', 'e ', 'e', 'p', 'i', 's', 'c', 'o', 'p', 'a', 'l ', 's', 'e', 'e', 's ', 'w', 'e', 'r', 'e ', 'f', 'i', 'l', 'l', 'e', 'd ', 'b', 'y ', 'G', 'r', 'e', 'e', 'k', 's, ', 'e', 'v', 'e', 'n ', 't', 'h', 'o', 'u', 'g', 'h ', 'i', 'n ', 't', 'h', 'e ', 'B', 'a', 'l', 'k', 'a', 'n ', 'P', 'e', 'n', 'i', 'n', 's', 'u', 'l', 'a ', 't', 'h', 'e ', 'p', 'o', 'p', 'u', 'l', 'a', 't', 'i', 'o', 'n ', 'w', 'a', 's ', 'p', 'r', 'i', 'm', 'a', 'r', 'i', 'l', 'y ', 'S', 'l', 'a', 'v', 'i', 'c.\n<', 'C>即使巴爾幹半島民衆、大多都是斯拉夫人、但其境内主教、幾乎全都是希臘人。']